
> quiz-app@0.1.0 build
> next build

npm : You are using 
Node.js 16.14.2. For 
Next.js, Node.js 
version ">=20.9.0" 
is required.
At line:1 char:1
+ npm run build > 
build_error.log 2>&1
+ ~~~~~~~~~~~~~~~~~~~
~~~~~~~~~~~~~~~~~
    + CategoryInfo   
           : NotSpe  
  cified: (You are   
  using N...0" is    
 required.:Strin    
g) [], RemoteExc    
eption
    + FullyQualified 
   ErrorId : Native  
  CommandError
 
